---
source: libdata/tests/key.rs
expression: SECRET_KEY_BYTES

---
[
    157,
    97,
    177,
    157,
    239,
    253,
    90,
    96,
    186,
    132,
    74,
    244,
    146,
    236,
    44,
    196,
    68,
    73,
    197,
    105,
    123,
    50,
    105,
    25,
    112,
    59,
    172,
    3,
    28,
    174,
    127,
    96,
]
