---
source: libdata/tests/key.rs
expression: keypair.to_bytes()

---
[
    130,
    201,
    219,
    142,
    15,
    20,
    79,
    191,
    230,
    103,
    147,
    51,
    107,
    172,
    123,
    29,
    173,
    122,
    90,
    165,
    167,
    72,
    90,
    125,
    251,
    146,
    141,
    79,
    222,
    107,
    94,
    183,
    198,
    104,
    91,
    67,
    113,
    165,
    70,
    58,
    240,
    55,
    182,
    108,
    157,
    75,
    133,
    44,
    82,
    123,
    58,
    43,
    23,
    64,
    209,
    185,
    251,
    80,
    220,
    1,
    205,
    153,
    116,
    111,
]
