---
source: libdata/tests/key.rs
expression: keypair.to_bytes()

---
[
    242,
    8,
    69,
    52,
    25,
    134,
    118,
    114,
    105,
    165,
    52,
    225,
    16,
    198,
    94,
    35,
    247,
    172,
    108,
    132,
    0,
    56,
    34,
    29,
    82,
    169,
    181,
    236,
    47,
    120,
    115,
    149,
    70,
    82,
    109,
    51,
    4,
    142,
    7,
    98,
    235,
    13,
    48,
    4,
    94,
    116,
    245,
    177,
    42,
    28,
    165,
    159,
    213,
    39,
    114,
    182,
    217,
    26,
    183,
    190,
    219,
    64,
    135,
    46,
]
