---
source: libdata/tests/key.rs
expression: keypair.to_bytes()

---
[
    93,
    98,
    222,
    176,
    190,
    195,
    120,
    66,
    48,
    234,
    225,
    90,
    182,
    230,
    127,
    218,
    48,
    127,
    92,
    187,
    238,
    141,
    123,
    31,
    177,
    55,
    164,
    25,
    222,
    47,
    174,
    183,
    97,
    107,
    208,
    196,
    61,
    246,
    133,
    252,
    52,
    213,
    6,
    217,
    59,
    204,
    226,
    111,
    126,
    68,
    212,
    103,
    63,
    7,
    24,
    88,
    18,
    19,
    151,
    112,
    74,
    228,
    103,
    159,
]
