---
source: datacore/tests/snapshots.rs
expression: "read_bytes(&dir, \"merkle\")"

---
[
    2,
    0,
    0,
    0,
    3,
    0,
    0,
    0,
    0,
    0,
    0,
    0,
    4,
    0,
    0,
    0,
    0,
    0,
    0,
    0,
    177,
    135,
    148,
    251,
    72,
    93,
    217,
    138,
    227,
    33,
    169,
    216,
    163,
    232,
    210,
    253,
    33,
    118,
    61,
    99,
    214,
    28,
    173,
    124,
    112,
    208,
    160,
    64,
    229,
    112,
    83,
    15,
    9,
    0,
    0,
    0,
    0,
    0,
    0,
    0,
    2,
    0,
    0,
    0,
    0,
    0,
    0,
    0,
    217,
    55,
    171,
    98,
    50,
    38,
    81,
    183,
    237,
    91,
    44,
    176,
    189,
    91,
    37,
    218,
    215,
    77,
    95,
    76,
    111,
    130,
    45,
    53,
    39,
    192,
    116,
    102,
    17,
    254,
    192,
    40,
]
